// Jest Snapshot v1, https://goo.gl/fbAQLP

exports[`shared-components/DownloadOptions should match snapshot 1`] = `
<Card
  className=""
  contentClass=""
  fullHeight={false}
  icon=""
  status=""
  title="Options"
  titleClass=""
>
  <span>
    TEST
  </span>
  <div
    className="makeStyles-containerBtn-1"
  >
    <Button
      className="makeStyles-btnControl-2"
      disabled={false}
      icon={null}
      isUpperCase={true}
      label="csv"
      onClick={[Function]}
      saving={false}
      secondary={false}
    />
  </div>
</Card>
`;
