// Jest Snapshot v1, https://goo.gl/fbAQLP

exports[`Checkbox Checkbox snapshot 1`] = `
<div
  className=""
>
  <ForwardRef(FormControlLabel)
    classes={
      Object {
        "label": "makeStyles-label-1",
      }
    }
    control={
      <ForwardRef(Checkbox)
        checked={false}
        color="primary"
        disabled={false}
        indeterminate={false}
        name=""
        onChange={[Function]}
        value={false}
      />
    }
    label=""
  />
</div>
`;
