// Jest Snapshot v1, https://goo.gl/fbAQLP

exports[`shared-components/TemperatureRange should match snapshot 1`] = `
<div
  className="makeStyles-root-1"
>
  <Checkbox
    className=""
    disabled={false}
    indeterminate={false}
    name=""
    onChange={[Function]}
    title="Show Temperature Range"
    value={true}
  />
</div>
`;
