// Jest Snapshot v1, https://goo.gl/fbAQLP

exports[`shared-components/DateSelect should match snapshot 1`] = `
<div
  className=""
>
  <Label
    className=""
    hasError=""
    title=""
  />
  <div
    className="makeStyles-dateField-1"
  >
    <div
      className="makeStyles-requiredMark-3"
    />
    <ForwardRef(DatePicker)
      animateYearScrolling={true}
      className="makeStyles-input-2"
      data-testid="dateSelect-from"
      disabled={false}
      error={false}
      format="DD.MM.YYYY"
      fullWidth={true}
      onChange={[Function]}
      renderInput={[Function]}
      value={2018-06-10T00:00:00.000Z}
    />
    <ForwardRef(FormHelperText)
      className="makeStyles-errorMessage-6"
      error={false}
    />
  </div>
</div>
`;
