// Jest Snapshot v1, https://goo.gl/fbAQLP

exports[`TypeaheadContainer child props 1`] = `
Object {
  "closeOptions": [Function],
  "labelField": "label",
  "loadLabel": [MockFunction],
  "loadOptions": [MockFunction],
  "openOptions": [Function],
  "options": Array [
    "option",
  ],
  "optionsVisible": false,
  "searchPhrase": "",
  "setSearchPhrase": [Function],
  "state": "of load label",
  "value": undefined,
  "valueField": "id",
}
`;
