// Jest Snapshot v1, https://goo.gl/fbAQLP

exports[`Typeahead snapshot 1`] = `
<div
  className="makeStyles-root-1"
>
  <InputSinglelineContainer
    autoComplete="off"
    classNames={Object {}}
    closeOptions={[MockFunction]}
    name="textinput"
    onBlur={[Function]}
    onChange={[MockFunction]}
    onFocus={[MockFunction]}
    onKeyPress={[Function]}
    openOptions={[MockFunction]}
    optionsVisible={true}
    searchPhrase="searchPhrase"
    setSearchPhrase={[MockFunction]}
    title=""
    value="searchPhrase"
    variant="outlined"
  />
  <div
    className="makeStyles-optionsWrapper-2 active"
  >
    <div
      className="makeStyles-options-3"
    >
      <button
        className="makeStyles-option-4"
        data-value="value1"
        key="option-value1"
        onClick={[Function]}
        type="button"
      >
        label1
      </button>
      <button
        className="makeStyles-option-4"
        data-value="value2"
        key="option-value2"
        onClick={[Function]}
        type="button"
      >
        label2
      </button>
    </div>
  </div>
</div>
`;
