// Jest Snapshot v1, https://goo.gl/fbAQLP

exports[`TemperatureChart success 1`] = `
<Fragment>
  <div
    className="makeStyles-wrapper-1"
  >
    <FullScreen
      allowFullScreen={true}
      className=""
      customClassName=""
      customColumns={Array []}
      customData={Array []}
      isChartPrinting={false}
      onError={[Function]}
      onFullScreen={[Function]}
      sensorData={
        Array [
          Object {
            "d": Array [
              18.1,
              5.3,
            ],
            "t": "29.03.2021 10:40",
          },
          Object {
            "d": Array [
              18.1,
              5.3,
            ],
            "t": "29.03.2021 10:50",
          },
          Object {
            "d": Array [
              18.2,
              5.3,
            ],
            "t": "29.03.2021 11:00",
          },
        ]
      }
      setTemperatureChartFullscreen={[Function]}
      temperatureChartFullscreen={false}
      userOptions={
        Object {
          "axisTitlesPosition": "none",
          "chartArea": Object {
            "height": "87%",
            "left": 30,
            "top": 20,
            "width": "95%",
          },
          "curveType": "function",
          "series": Array [
            Object {
              "color": "transparent",
              "lineWidth": 0,
              "pointSize": 0,
              "targetAxisIndex": 0,
              "tooltip": false,
              "visibleInLegend": false,
            },
            Object {
              "color": "#CF3B8A",
              "lineWidth": 3,
              "pointSize": 6,
              "targetAxisIndex": 0,
            },
            Object {
              "color": "#61C6E9",
              "lineWidth": 3,
              "pointSize": 6,
              "targetAxisIndex": 0,
            },
            Object {
              "color": "#edae49",
              "lineDashStyle": Array [
                4,
                4,
              ],
              "lineWidth": 3,
              "targetAxisIndex": 0,
            },
            Object {
              "color": "#edae49",
              "lineDashStyle": Array [
                4,
                4,
              ],
              "lineWidth": 3,
              "targetAxisIndex": 0,
            },
          ],
          "vAxis": Object {
            "gridlines": Object {
              "count": 0,
            },
            "title": "Temperature",
          },
        }
      }
    >
      <LineChart
        className="makeStyles-chart-2"
        columns={
          Array [
            Array [
              "datetime",
              "Date",
            ],
            Array [
              "number",
              "Filler",
            ],
          ]
        }
        onError={[Function]}
        userOptions={
          Object {
            "axisTitlesPosition": "none",
            "chartArea": Object {
              "height": "87%",
              "left": 30,
              "top": 20,
              "width": "95%",
            },
            "curveType": "function",
            "series": Array [
              Object {
                "color": "transparent",
                "lineWidth": 0,
                "pointSize": 0,
                "targetAxisIndex": 0,
                "tooltip": false,
                "visibleInLegend": false,
              },
              Object {
                "color": "#CF3B8A",
                "lineWidth": 3,
                "pointSize": 6,
                "targetAxisIndex": 0,
              },
              Object {
                "color": "#61C6E9",
                "lineWidth": 3,
                "pointSize": 6,
                "targetAxisIndex": 0,
              },
              Object {
                "color": "#edae49",
                "lineDashStyle": Array [
                  4,
                  4,
                ],
                "lineWidth": 3,
                "targetAxisIndex": 0,
              },
              Object {
                "color": "#edae49",
                "lineDashStyle": Array [
                  4,
                  4,
                ],
                "lineWidth": 3,
                "targetAxisIndex": 0,
              },
            ],
            "vAxis": Object {
              "gridlines": Object {
                "count": 0,
              },
              "title": "Temperature",
            },
          }
        }
        value={
          Array [
            Array [
              "29.03.2021 10:40",
              0,
              18.1,
              null,
              null,
              5.3,
              null,
              null,
            ],
            Array [
              "29.03.2021 10:50",
              0,
              18.1,
              null,
              null,
              5.3,
              null,
              null,
            ],
            Array [
              "29.03.2021 11:00",
              0,
              18.2,
              null,
              null,
              5.3,
              null,
              null,
            ],
          ]
        }
      />
    </FullScreen>
  </div>
</Fragment>
`;
